Copyright 1986-2022 Xilinx, Inc. All Rights Reserved. Copyright 2022-2026 Advanced Micro Devices, Inc. All Rights Reserved.
--------------------------------------------------------------------------------------------------------------------------------------------------------------------------------------------
| Tool Version : Vivado v.2026.1 (lin64) Build 6511674 Tue Jun 16 11:01:26 MDT 2026
| Date         : Fri Aug 28 21:45:27 2026
| Host : redacted-build-host
| Command : redacted-build-command
| Design       : miner_top_ii1_bscan_650
| Device       : xcvu33p
| Design State : Routed
--------------------------------------------------------------------------------------------------------------------------------------------------------------------------------------------

Report Design Analysis

Table of Contents
-----------------
1. Placer Final Level Congestion Reporting
2. Router Initial Congestion

1. Placer Final Level Congestion Reporting
------------------------------------------

+-----------+------+-------+--------+---------------+----------------+-----+--------+------+------+------+------+-----+-------+-----+------------+
| Direction | Type | Level | Window | Combined LUTs | Avg LUT Inputs | LUT | LUTRAM | Flop | MUXF | RAMB | URAM | DSP | CARRY | SRL | Cell Names |
+-----------+------+-------+--------+---------------+----------------+-----+--------+------+------+------+------+-----+-------+-----+------------+
* No congestion windows are found above level 5


2. Router Initial Congestion
----------------------------

+-----------+--------+-------+-----------------------------+---------------+----------------+-----+--------+------+------+------+------+-----+-------+-----+-----------------------------------+--------------------------------------------------------------------------------------------------------------------------------------------------------------------------------------------------------------------------------------------------------+
| Direction |  Type  | Level |            Window           | Combined LUTs | Avg LUT Inputs | LUT | LUTRAM | Flop | MUXF | RAMB | URAM | DSP | CARRY | SRL |             Cell Names            |                                                                                                                       Sub Windows                                                                                                                      |
+-----------+--------+-------+-----------------------------+---------------+----------------+-----+--------+------+------+------+------+-----+-------+-----+-----------------------------------+--------------------------------------------------------------------------------------------------------------------------------------------------------------------------------------------------------------------------------------------------------+
| South     | Global |     5 | (CLEM_X101Y20,CLEM_X116Y51) |            0% |          3.220 | 73% |     0% |  54% |   0% |   0% |   NA |  0% |    0% |  0% | u_engine/u_pipeline/u_pass3(100%) | (CLEM_X101Y36,CLEL_R_X116Y51), (CLEM_X101Y20,CLEL_R_X116Y35)                                                                                                                                                                                           |
| South     | Long   |     5 | (CLEM_X101Y16,CLEM_X116Y55) |            0% |          3.214 | 74% |     0% |  54% |   0% |   0% |   NA |  0% |    0% |  0% | u_engine/u_pipeline/u_pass3(100%) | (CLEM_X101Y48,CLEL_R_X108Y55), (CLEM_X101Y40,CLEL_R_X108Y47), (CLEM_X101Y32,CLEL_R_X108Y39), (CLEM_X101Y24,CLEL_R_X108Y31), (CLEM_X109Y40,CLEL_R_X116Y47), (CLEM_X109Y32,CLEL_R_X116Y39), (CLEM_X109Y24,CLEL_R_X116Y31), (CLEM_X109Y16,CLEL_R_X116Y23) |
| South     | Long   |     5 | (CLEM_X101Y16,CLEM_X116Y47) |            0% |          3.221 | 72% |     0% |  54% |   0% |   0% |   NA |  0% |    0% |  0% | u_engine/u_pipeline/u_pass3(100%) | (CLEM_X101Y32,CLEL_R_X116Y47), (CLEM_X101Y16,CLEL_R_X116Y31)                                                                                                                                                                                           |
| West      | Long   |     5 | (CLEM_X32Y178,CLEM_X63Y193) |            0% |          3.206 | 68% |     0% |  49% |   0% |   0% |   NA |  0% |    0% |  0% | u_engine/u_pipeline/u_pass2(100%) | (CLEM_X32Y178,CLEL_R_X47Y193), (CLEM_X48Y178,CLEL_R_X63Y193)                                                                                                                                                                                           |
+-----------+--------+-------+-----------------------------+---------------+----------------+-----+--------+------+------+------+------+-----+-------+-----+-----------------------------------+--------------------------------------------------------------------------------------------------------------------------------------------------------------------------------------------------------------------------------------------------------+


