Copyright 1986-2022 Xilinx, Inc. All Rights Reserved. Copyright 2022-2026 Advanced Micro Devices, Inc. All Rights Reserved.
----------------------------------------------------------------------------------------------------------------------------------------------------
| Tool Version : Vivado v.2026.1 (lin64) Build 6511674 Tue Jun 16 11:01:26 MDT 2026
| Date         : Sat Aug 22 16:04:20 2026
| Design       : miner_top_ii1_bscan_500
| Device       : xcvu33p
| Design State : Routed
----------------------------------------------------------------------------------------------------------------------------------------------------

Report Design Analysis

Table of Contents
-----------------
1. Placer Final Level Congestion Reporting
2. Router Initial Congestion

1. Placer Final Level Congestion Reporting
------------------------------------------

+-----------+-------+-------+----------------------------------+---------------+----------------+-----+--------+------+------+------+------+-----+-------+-----+-----------------------------------+
| Direction |  Type | Level |              Window              | Combined LUTs | Avg LUT Inputs | LUT | LUTRAM | Flop | MUXF | RAMB | URAM | DSP | CARRY | SRL |             Cell Names            |
+-----------+-------+-------+----------------------------------+---------------+----------------+-----+--------+------+------+------+------+-----+-------+-----+-----------------------------------+
| East      | Short |     5 | (CLEL_R_X96Y136,CLEL_R_X112Y167) |           76% |          3.056 | 57% | 0%     |  68% |   0% | NA   | 0%   | 0%  |    0% |  0% | u_engine/u_pipeline/u_pass1(100%) |
| West      | Short |     5 | (CLEL_R_X97Y1,CLEL_R_X113Y32)    |           80% |          3.188 | 60% | 0%     |  72% |   0% | 0%   | 0%   | 0%  |    0% |  0% | u_engine/u_pipeline/u_pass2(100%) |
+-----------+-------+-------+----------------------------------+---------------+----------------+-----+--------+------+------+------+------+-----+-------+-----+-----------------------------------+


2. Router Initial Congestion
----------------------------

+-----------+------+-------+--------+---------------+----------------+-----+--------+------+------+------+------+-----+-------+-----+------------+-------------+
| Direction | Type | Level | Window | Combined LUTs | Avg LUT Inputs | LUT | LUTRAM | Flop | MUXF | RAMB | URAM | DSP | CARRY | SRL | Cell Names | Sub Windows |
+-----------+------+-------+--------+---------------+----------------+-----+--------+------+------+------+------+-----+-------+-----+------------+-------------+
* No effective congestion windows are found above level 5


