Copyright 1986-2022 Xilinx, Inc. All Rights Reserved. Copyright 2022-2026 Advanced Micro Devices, Inc. All Rights Reserved.
--------------------------------------------------------------------------------------------------------------------------------------------------------------------------------------------------------------
| Tool Version : Vivado v.2026.1 (lin64) Build 6511674 Tue Jun 16 11:01:26 MDT 2026
| Date         : Sun Aug 23 11:31:46 2026
| Host         : release-build-host running 64-bit Ubuntu 24.04.4 LTS
| Command      : report_utilization -hierarchical -hierarchical_depth 4 -file <release-build-path>ner-0.1.0-beta/research/sha3t_ii1/bscan_525/output/utilization_hier_routed.rpt
| Design       : miner_top_ii1_bscan_525
| Device       : xcvu33p-fsvh2104-2-e
| Speed File   : -2
| Design State : Routed
--------------------------------------------------------------------------------------------------------------------------------------------------------------------------------------------------------------

Utilization Design Information

Table of Contents
-----------------
1. Utilization by Hierarchy

1. Utilization by Hierarchy
---------------------------

+-----------------------------+--------------------------------------+------------+------------+---------+------+--------+--------+--------+------+------------+
|           Instance          |                Module                | Total LUTs | Logic LUTs | LUTRAMs | SRLs |   FFs  | RAMB36 | RAMB18 | URAM | DSP Blocks |
+-----------------------------+--------------------------------------+------------+------------+---------+------+--------+--------+--------+------+------------+
| miner_top_ii1_bscan_525     |                                (top) |     146820 |     146596 |       0 |  224 | 359255 |      0 |      0 |    0 |          0 |
|   (miner_top_ii1_bscan_525) |                                (top) |          2 |          2 |       0 |    0 |   1476 |      0 |      0 |    0 |          0 |
|   u_bscan_transport         |                 fk33_bscan_transport |       1304 |       1304 |       0 |    0 |   4775 |      0 |      0 |    0 |          0 |
|     (u_bscan_transport)     |                 fk33_bscan_transport |       1304 |       1304 |       0 |    0 |   3025 |      0 |      0 |    0 |          0 |
|     u_job_mailbox_cdc       |              xpm_cdc_array_single__1 |          0 |          0 |       0 |    0 |   1744 |      0 |      0 |    0 |          0 |
|   u_candidate_bus_cdc       | xpm_cdc_array_single__parameterized0 |          0 |          0 |       0 |    0 |    592 |      0 |      0 |    0 |          0 |
|   u_engine                  |               sha3t_ii1_miner_engine |     145515 |     145291 |       0 |  224 | 351142 |      0 |      0 |    0 |          0 |
|     (u_engine)              |               sha3t_ii1_miner_engine |          2 |          2 |       0 |    0 |    963 |      0 |      0 |    0 |          0 |
|     u_pipeline              |                   sha3t_ii1_pipeline |     145514 |     145290 |       0 |  224 | 350179 |      0 |      0 |    0 |          0 |
|       u_pass1               |            keccak_f1600_ii1_pipeline |      48959 |      48895 |       0 |   64 | 117451 |      0 |      0 |    0 |          0 |
|         (u_pass1)           |            keccak_f1600_ii1_pipeline |      47047 |      46983 |       0 |   64 | 117451 |      0 |      0 |    0 |          0 |
|         ROUND[2].u_chi      |                         keccak_chi_8 |        955 |        955 |       0 |    0 |      0 |      0 |      0 |    0 |          0 |
|         ROUND[3].u_chi      |                         keccak_chi_9 |        957 |        957 |       0 |    0 |      0 |      0 |      0 |    0 |          0 |
|       u_pass2               |          keccak_f1600_ii1_pipeline_0 |      48256 |      48192 |       0 |   64 | 116364 |      0 |      0 |    0 |          0 |
|         (u_pass2)           |          keccak_f1600_ii1_pipeline_0 |      46344 |      46280 |       0 |   64 | 116364 |      0 |      0 |    0 |          0 |
|         ROUND[2].u_chi      |                         keccak_chi_6 |        955 |        955 |       0 |    0 |      0 |      0 |      0 |    0 |          0 |
|         ROUND[3].u_chi      |                         keccak_chi_7 |        957 |        957 |       0 |    0 |      0 |      0 |      0 |    0 |          0 |
|       u_pass3               |          keccak_f1600_ii1_pipeline_1 |      48299 |      48203 |       0 |   96 | 116364 |      0 |      0 |    0 |          0 |
|         (u_pass3)           |          keccak_f1600_ii1_pipeline_1 |      43963 |      43867 |       0 |   96 | 116364 |      0 |      0 |    0 |          0 |
|         ROUND[0].u_chi      |                           keccak_chi |        827 |        827 |       0 |    0 |      0 |      0 |      0 |    0 |          0 |
|         ROUND[1].u_chi      |                         keccak_chi_2 |        957 |        957 |       0 |    0 |      0 |      0 |      0 |    0 |          0 |
|         ROUND[1].u_parity   |                  keccak_theta_parity |        320 |        320 |       0 |    0 |      0 |      0 |      0 |    0 |          0 |
|         ROUND[2].u_chi      |                         keccak_chi_3 |        955 |        955 |       0 |    0 |      0 |      0 |      0 |    0 |          0 |
|         ROUND[2].u_parity   |                keccak_theta_parity_4 |        320 |        320 |       0 |    0 |      0 |      0 |      0 |    0 |          0 |
|         ROUND[3].u_chi      |                         keccak_chi_5 |        957 |        957 |       0 |    0 |      0 |      0 |      0 |    0 |          0 |
|   u_job_bus_cdc             |                 xpm_cdc_array_single |          0 |          0 |       0 |    0 |   1264 |      0 |      0 |    0 |          0 |
+-----------------------------+--------------------------------------+------------+------------+---------+------+--------+--------+--------+------+------------+
* Note: The sum of lower-level cells may be larger than their parent cells total, due to cross-hierarchy LUT combining
