Copyright 1986-2022 Xilinx, Inc. All Rights Reserved. Copyright 2022-2026 Advanced Micro Devices, Inc. All Rights Reserved.
------------------------------------------------------------------------------------------------------------------------------------------------------------------------------------
| Tool Version : Vivado v.2026.1 (lin64) Build 6511674 Tue Jun 16 11:01:26 MDT 2026
| Date         : Sun Aug 23 11:31:55 2026
| Host         : release-build-host running 64-bit Ubuntu 24.04.4 LTS
| Command      : report_design_analysis -congestion -file <release-build-path>ner-0.1.0-beta/research/sha3t_ii1/bscan_525/output/congestion_routed.rpt
| Design       : miner_top_ii1_bscan_525
| Device       : xcvu33p
| Design State : Routed
------------------------------------------------------------------------------------------------------------------------------------------------------------------------------------

Report Design Analysis

Table of Contents
-----------------
1. Placer Final Level Congestion Reporting
2. Router Initial Congestion

1. Placer Final Level Congestion Reporting
------------------------------------------

+-----------+-------+-------+-------------------------------+---------------+----------------+-----+--------+------+------+------+------+-----+-------+-----+-----------------------------------+
| Direction |  Type | Level |             Window            | Combined LUTs | Avg LUT Inputs | LUT | LUTRAM | Flop | MUXF | RAMB | URAM | DSP | CARRY | SRL |             Cell Names            |
+-----------+-------+-------+-------------------------------+---------------+----------------+-----+--------+------+------+------+------+-----+-------+-----+-----------------------------------+
| East      | Short |     5 | (CLEL_R_X31Y104,CLEM_X47Y135) |           82% |          3.256 | 61% | 0%     |  72% |   0% | 0%   | NA   | 0%  |    0% |  0% | u_engine/u_pipeline/u_pass3(100%) |
| West      | Short |     5 | (CLEM_X67Y54,CLEM_X82Y85)     |           87% |          3.502 | 65% | 0%     |  79% |   0% | 0%   | 0%   | 0%  |    0% |  0% | u_engine/u_pipeline/u_pass2(99%)  |
+-----------+-------+-------+-------------------------------+---------------+----------------+-----+--------+------+------+------+------+-----+-------+-----+-----------------------------------+


2. Router Initial Congestion
----------------------------

+-----------+------+-------+---------------------------+---------------+----------------+-----+--------+------+------+------+------+-----+-------+-----+-----------------------------------+----------------------------------------------------------+
| Direction | Type | Level |           Window          | Combined LUTs | Avg LUT Inputs | LUT | LUTRAM | Flop | MUXF | RAMB | URAM | DSP | CARRY | SRL |             Cell Names            |                        Sub Windows                       |
+-----------+------+-------+---------------------------+---------------+----------------+-----+--------+------+------+------+------+-----+-------+-----+-----------------------------------+----------------------------------------------------------+
| East      | Long |     5 | (CLEM_X32Y32,CLEM_X63Y47) |           82% |          5.282 | 62% |     0% |  72% |   0% |   0% |   NA |  0% |    0% |  0% | u_engine/u_pipeline/u_pass2(100%) | (CLEM_X32Y32,CLEL_R_X47Y47), (CLEM_X48Y32,CLEL_R_X63Y47) |
+-----------+------+-------+---------------------------+---------------+----------------+-----+--------+------+------+------+------+-----+-------+-----+-----------------------------------+----------------------------------------------------------+
* No effective congestion windows are found above level 5
